============================= test session starts =============================
platform win32 -- Python 3.12.10, pytest-9.0.2, pluggy-1.6.0 -- C:\Users\ericl\GRAD_5900\projects\project_2\backend\venv\Scripts\python.exe
cachedir: .pytest_cache
rootdir: C:\Users\ericl\GRAD_5900\projects\project_2\backend
plugins: anyio-4.12.1
collecting ... collected 4 items

tests/test_spec_compliance.py::TestMutationLedger::test_create_event_writes_mutation FAILED [ 25%]
tests/test_spec_compliance.py::TestMutationLedger::test_update_event_writes_mutation FAILED [ 50%]
tests/test_spec_compliance.py::TestMutationLedger::test_cancel_event_writes_mutation FAILED [ 75%]
tests/test_spec_compliance.py::TestMutationLedger::test_mutation_idempotency_key_unique PASSED [100%]

================================== FAILURES ===================================
____________ TestMutationLedger.test_create_event_writes_mutation _____________
tests\test_spec_compliance.py:68: in test_create_event_writes_mutation
    assert len(mutations) == 1
E   assert 0 == 1
E    +  where 0 = len([])
____________ TestMutationLedger.test_update_event_writes_mutation _____________
tests\test_spec_compliance.py:90: in test_update_event_writes_mutation
    assert len(mutations) == 2  # create + update
    ^^^^^^^^^^^^^^^^^^^^^^^^^^
E   assert 0 == 2
E    +  where 0 = len([])
____________ TestMutationLedger.test_cancel_event_writes_mutation _____________
tests\test_spec_compliance.py:112: in test_cancel_event_writes_mutation
    assert len(mutations) == 2  # create + cancel
    ^^^^^^^^^^^^^^^^^^^^^^^^^^
E   assert 0 == 2
E    +  where 0 = len([])
============================== warnings summary ===============================
venv\Lib\site-packages\pydantic\_internal\_config.py:291
  C:\Users\ericl\GRAD_5900\projects\project_2\backend\venv\Lib\site-packages\pydantic\_internal\_config.py:291: PydanticDeprecatedSince20: Support for class-based `config` is deprecated, use ConfigDict instead. Deprecated in Pydantic V2.0 to be removed in V3.0. See Pydantic V2 Migration Guide at https://errors.pydantic.dev/2.9/migration/
    warnings.warn(DEPRECATION_MESSAGE, DeprecationWarning)

app\main.py:42
  C:\Users\ericl\GRAD_5900\projects\project_2\backend\app\main.py:42: DeprecationWarning: 
          on_event is deprecated, use lifespan event handlers instead.
  
          Read more about it in the
          [FastAPI docs for Lifespan Events](https://fastapi.tiangolo.com/advanced/events/).
          
    @app.on_event("startup")

venv\Lib\site-packages\fastapi\applications.py:4495
  C:\Users\ericl\GRAD_5900\projects\project_2\backend\venv\Lib\site-packages\fastapi\applications.py:4495: DeprecationWarning: 
          on_event is deprecated, use lifespan event handlers instead.
  
          Read more about it in the
          [FastAPI docs for Lifespan Events](https://fastapi.tiangolo.com/advanced/events/).
          
    return self.router.on_event(event_type)

-- Docs: https://docs.pytest.org/en/stable/how-to/capture-warnings.html
=========================== short test summary info ===========================
FAILED tests/test_spec_compliance.py::TestMutationLedger::test_create_event_writes_mutation
FAILED tests/test_spec_compliance.py::TestMutationLedger::test_update_event_writes_mutation
FAILED tests/test_spec_compliance.py::TestMutationLedger::test_cancel_event_writes_mutation
=================== 3 failed, 1 passed, 3 warnings in 0.62s ===================
